// Jest Snapshot v1, https://goo.gl/fbAQLP

exports[`Search should render correctly 1`] = `
<Fragment>
  <form
    className="Search"
    onSubmit={[Function]}
  >
    <i
      className="fa fa-search"
    />
    <input
      onChange={[Function]}
      placeholder="search"
      type="text"
      value=""
    />
    <span
      className="clear"
      onMouseDown={[Function]}
      role="button"
    >
      <i
        className="fa fa-times-circle"
      />
    </span>
    <input
      type="submit"
    />
  </form>
</Fragment>
`;
