// Jest Snapshot v1, https://goo.gl/fbAQLP

exports[`Footer should render correctly 1`] = `
<WrappedFooter
  user={
    Object {
      "isAuthenticated": true,
    }
  }
>
  <div
    className="py-3 Footer"
  >
    <div
      className="banner-text-bottom"
    >
      Powered by the NCATS CTSA Program
    </div>
  </div>
</WrappedFooter>
`;
