// Jest Snapshot v1, https://goo.gl/fbAQLP

exports[`LeftContentToggleBtn should render correctly 1`] = `
<div
  className="LeftContentToggleBtn open"
  onClick={[Function]}
  role="button"
>
  <span
    className="status btn-close"
  >
    <span
      className="bar"
    />
    <span
      className="bar"
    />
    <span
      className="bar"
    />
  </span>
</div>
`;
