// Jest Snapshot v1, https://goo.gl/fbAQLP

exports[`Header loggin out mode should render correctly 1`] = `
<WrappedHeader
  dispatch={
    [MockFunction] {
      "calls": Array [
        Array [
          Object {
            "payload": Object {},
            "type": "FETCH_NETWORK_CONFIG",
          },
        ],
      ],
      "results": Array [
        Object {
          "type": "return",
          "value": undefined,
        },
      ],
    }
  }
  user={
    Object {
      "isAuthenticated": false,
    }
  }
  viewMode="QUERY_DEFINITION"
>
  <WithStyles(ForwardRef(AppBar))
    className="Header"
    position="static"
  >
    <ForwardRef(AppBar)
      className="Header"
      classes={
        Object {
          "colorDefault": "MuiAppBar-colorDefault",
          "colorPrimary": "MuiAppBar-colorPrimary",
          "colorSecondary": "MuiAppBar-colorSecondary",
          "positionAbsolute": "MuiAppBar-positionAbsolute",
          "positionFixed": "MuiAppBar-positionFixed",
          "positionRelative": "MuiAppBar-positionRelative",
          "positionStatic": "MuiAppBar-positionStatic",
          "positionSticky": "MuiAppBar-positionSticky",
          "root": "MuiAppBar-root",
        }
      }
      position="static"
    >
      <WithStyles(ForwardRef(Paper))
        className="MuiAppBar-root MuiAppBar-positionStatic Header MuiAppBar-colorPrimary"
        component="header"
        elevation={4}
        square={true}
      >
        <ForwardRef(Paper)
          className="MuiAppBar-root MuiAppBar-positionStatic Header MuiAppBar-colorPrimary"
          classes={
            Object {
              "elevation0": "MuiPaper-elevation0",
              "elevation1": "MuiPaper-elevation1",
              "elevation10": "MuiPaper-elevation10",
              "elevation11": "MuiPaper-elevation11",
              "elevation12": "MuiPaper-elevation12",
              "elevation13": "MuiPaper-elevation13",
              "elevation14": "MuiPaper-elevation14",
              "elevation15": "MuiPaper-elevation15",
              "elevation16": "MuiPaper-elevation16",
              "elevation17": "MuiPaper-elevation17",
              "elevation18": "MuiPaper-elevation18",
              "elevation19": "MuiPaper-elevation19",
              "elevation2": "MuiPaper-elevation2",
              "elevation20": "MuiPaper-elevation20",
              "elevation21": "MuiPaper-elevation21",
              "elevation22": "MuiPaper-elevation22",
              "elevation23": "MuiPaper-elevation23",
              "elevation24": "MuiPaper-elevation24",
              "elevation3": "MuiPaper-elevation3",
              "elevation4": "MuiPaper-elevation4",
              "elevation5": "MuiPaper-elevation5",
              "elevation6": "MuiPaper-elevation6",
              "elevation7": "MuiPaper-elevation7",
              "elevation8": "MuiPaper-elevation8",
              "elevation9": "MuiPaper-elevation9",
              "outlined": "MuiPaper-outlined",
              "root": "MuiPaper-root",
              "rounded": "MuiPaper-rounded",
            }
          }
          component="header"
          elevation={4}
          square={true}
        >
          <header
            className="MuiPaper-root MuiAppBar-root MuiAppBar-positionStatic Header MuiAppBar-colorPrimary MuiPaper-elevation4"
          >
            <WithStyles(ForwardRef(Toolbar))>
              <ForwardRef(Toolbar)
                classes={
                  Object {
                    "dense": "MuiToolbar-dense",
                    "gutters": "MuiToolbar-gutters",
                    "regular": "MuiToolbar-regular",
                    "root": "MuiToolbar-root",
                  }
                }
              >
                <div
                  className="MuiToolbar-root MuiToolbar-regular MuiToolbar-gutters"
                >
                  <div
                    className="banner-container"
                  >
                    <img
                      alt="Harvard Catalyst"
                      className="banner"
                      src="test-file-stub"
                    />
                  </div>
                  <div
                    className="banner-text"
                  >
                    <span
                      className="banner-text-top"
                    >
                      The SHRINE Network
                    </span>
                    <br />
                    <span
                      className="banner-text-bottom"
                    >
                      Powered by the NCATS CTSA Program
                    </span>
                  </div>
                </div>
              </ForwardRef(Toolbar)>
            </WithStyles(ForwardRef(Toolbar))>
          </header>
        </ForwardRef(Paper)>
      </WithStyles(ForwardRef(Paper))>
    </ForwardRef(AppBar)>
  </WithStyles(ForwardRef(AppBar))>
</WrappedHeader>
`;
