// Jest Snapshot v1, https://goo.gl/fbAQLP

exports[`TypeSelect should render correctly 1`] = `
<WithStyles(ForwardRef(Select))
  className="inline-input TypeSelect mock-visibility-class"
  onChange={[MockFunction]}
  value="mock-type"
>
  <WithStyles(ForwardRef(MenuItem))
    value="FLAG 1"
  >
    Abnormal Flag: flag 1
  </WithStyles(ForwardRef(MenuItem))>
  <WithStyles(ForwardRef(MenuItem))
    value="FLAG 2"
  >
    Abnormal Flag: flag 2
  </WithStyles(ForwardRef(MenuItem))>
  <WithStyles(ForwardRef(MenuItem))
    value="EQ"
  >
    Equal To (=)
  </WithStyles(ForwardRef(MenuItem))>
  <WithStyles(ForwardRef(MenuItem))
    value="LT"
  >
    Less Than 
    (&lt;)
  </WithStyles(ForwardRef(MenuItem))>
  <WithStyles(ForwardRef(MenuItem))
    value="YES"
  >
    Yes
  </WithStyles(ForwardRef(MenuItem))>
  <WithStyles(ForwardRef(MenuItem))
    value="NO"
  >
    No
  </WithStyles(ForwardRef(MenuItem))>
</WithStyles(ForwardRef(Select))>
`;
