// Jest Snapshot v1, https://goo.gl/fbAQLP

exports[`ClickableStatus should render correctly 1`] = `
<span
  className="mock class name"
>
  mock status text
   
  <Connect(WrappedStatusErrorDialog)
    onClose={[Function]}
    open={false}
  />
  <span
    onClick={[Function]}
    role="button"
  >
    click for details
  </span>
</span>
`;
