// Jest Snapshot v1, https://goo.gl/fbAQLP

exports[`InstitutionResultStatus should render correctly 1`] = `
<WithStyles(ForwardRef(TableRow))>
  <WithStyles(ForwardRef(TableCell))>
    <WithStyles(ForwardRef(Typography)) />
  </WithStyles(ForwardRef(TableCell))>
  <WithStyles(ForwardRef(TableCell))>
    <WithStyles(ForwardRef(Typography))>
      <Status
        className="DelayedAtSite"
        statusText={null}
      />
    </WithStyles(ForwardRef(Typography))>
    <ResultMetadataDialog
      institutionName={null}
      onClose={[Function]}
      open={false}
      resultMetadata={
        Object {
          "custom": null,
          "obfuscatingParameters": null,
        }
      }
    />
  </WithStyles(ForwardRef(TableCell))>
</WithStyles(ForwardRef(TableRow))>
`;
