// Jest Snapshot v1, https://goo.gl/fbAQLP

exports[`QueryContainer should render correctly 1`] = `
<QueryResultView
  onReloadQuery={[Function]}
  onSiteSort={[Function]}
  selectedQuery={
    Object {
      "countCsvDownloadURL": null,
      "csvDownloadURL": null,
      "dataVersion": -1,
      "demographicDistribution": Array [],
      "error": Object {
        "hasError": false,
        "message": null,
        "url": null,
      },
      "institutionResults": Array [],
      "isComplete": false,
      "isFetching": false,
      "isNewDataFetch": false,
      "patientCount": 0,
      "queryId": null,
      "queryResult": Object {
        "changeDate": null,
        "dateCreated": null,
        "errorDetailInfo": Object {
          "hasError": false,
          "hasProblemDigest": false,
          "problemDigest": "No details available",
          "status": null,
        },
        "internalStatus": null,
        "isError": false,
        "isQueryComplete": false,
        "observed": false,
        "queryAsHtmlString": null,
        "queryFaved": null,
        "queryId": null,
        "queryName": null,
        "queryNotes": null,
      },
      "siteCount": 0,
      "sortSiteBy": "site.asc",
      "statusMsg": "There are no query results to display. Please select or run a query.",
    }
  }
/>
`;
